// Jest Snapshot v1, https://goo.gl/fbAQLP

exports[`test search endpoint amount of drinks is always the same 1`] = `6`;
